// Vitest Snapshot v1, https://vitest.dev/guide/snapshot.html

exports[`연장·승부차기 시드 스냅샷 — 실제 브래킷 대진 × 결정론적 matchSeed > 리그1 8강 4경기 + 컵 1라운드/결승 표본 3경기 — 정규+연장 동률 승부차기 결과가 회귀 없이 재현된다 1`] = `
[
  {
    "awaySeed": 8,
    "homeSeed": 1,
    "kicksTaken": 18,
    "pkAway": 4,
    "pkHome": 5,
    "profile": "대칭(서든데스 유발)",
    "round": 2,
    "source": "playoff-l1-qf-0",
    "stage": "QUARTERFINAL",
    "winnerSeed": 1,
  },
  {
    "awaySeed": 8,
    "homeSeed": 1,
    "kicksTaken": 8,
    "pkAway": 1,
    "pkHome": 3,
    "profile": "홈 우세",
    "round": 2,
    "source": "playoff-l1-qf-0",
    "stage": "QUARTERFINAL",
    "winnerSeed": 1,
  },
  {
    "awaySeed": 8,
    "homeSeed": 1,
    "kicksTaken": 6,
    "pkAway": 3,
    "pkHome": 0,
    "profile": "원정 우세",
    "round": 2,
    "source": "playoff-l1-qf-0",
    "stage": "QUARTERFINAL",
    "winnerSeed": 8,
  },
  {
    "awaySeed": 7,
    "homeSeed": 2,
    "kicksTaken": 9,
    "pkAway": 2,
    "pkHome": 1,
    "profile": "대칭(서든데스 유발)",
    "round": 2,
    "source": "playoff-l1-qf-1",
    "stage": "QUARTERFINAL",
    "winnerSeed": 7,
  },
  {
    "awaySeed": 7,
    "homeSeed": 2,
    "kicksTaken": 6,
    "pkAway": 0,
    "pkHome": 3,
    "profile": "홈 우세",
    "round": 2,
    "source": "playoff-l1-qf-1",
    "stage": "QUARTERFINAL",
    "winnerSeed": 2,
  },
  {
    "awaySeed": 7,
    "homeSeed": 2,
    "kicksTaken": 9,
    "pkAway": 2,
    "pkHome": 1,
    "profile": "원정 우세",
    "round": 2,
    "source": "playoff-l1-qf-1",
    "stage": "QUARTERFINAL",
    "winnerSeed": 7,
  },
  {
    "awaySeed": 6,
    "homeSeed": 3,
    "kicksTaken": 9,
    "pkAway": 3,
    "pkHome": 2,
    "profile": "대칭(서든데스 유발)",
    "round": 2,
    "source": "playoff-l1-qf-2",
    "stage": "QUARTERFINAL",
    "winnerSeed": 6,
  },
  {
    "awaySeed": 6,
    "homeSeed": 3,
    "kicksTaken": 10,
    "pkAway": 3,
    "pkHome": 4,
    "profile": "홈 우세",
    "round": 2,
    "source": "playoff-l1-qf-2",
    "stage": "QUARTERFINAL",
    "winnerSeed": 3,
  },
  {
    "awaySeed": 6,
    "homeSeed": 3,
    "kicksTaken": 8,
    "pkAway": 3,
    "pkHome": 1,
    "profile": "원정 우세",
    "round": 2,
    "source": "playoff-l1-qf-2",
    "stage": "QUARTERFINAL",
    "winnerSeed": 6,
  },
  {
    "awaySeed": 5,
    "homeSeed": 4,
    "kicksTaken": 8,
    "pkAway": 4,
    "pkHome": 2,
    "profile": "대칭(서든데스 유발)",
    "round": 2,
    "source": "playoff-l1-qf-3",
    "stage": "QUARTERFINAL",
    "winnerSeed": 5,
  },
  {
    "awaySeed": 5,
    "homeSeed": 4,
    "kicksTaken": 9,
    "pkAway": 3,
    "pkHome": 2,
    "profile": "홈 우세",
    "round": 2,
    "source": "playoff-l1-qf-3",
    "stage": "QUARTERFINAL",
    "winnerSeed": 5,
  },
  {
    "awaySeed": 5,
    "homeSeed": 4,
    "kicksTaken": 14,
    "pkAway": 5,
    "pkHome": 4,
    "profile": "원정 우세",
    "round": 2,
    "source": "playoff-l1-qf-3",
    "stage": "QUARTERFINAL",
    "winnerSeed": 5,
  },
  {
    "awaySeed": 5,
    "homeSeed": 45,
    "kicksTaken": 7,
    "pkAway": 2,
    "pkHome": 0,
    "profile": "대칭(서든데스 유발)",
    "round": 1,
    "source": "cup-round1-first",
    "stage": "ROUND_1",
    "winnerSeed": 5,
  },
  {
    "awaySeed": 5,
    "homeSeed": 45,
    "kicksTaken": 6,
    "pkAway": 3,
    "pkHome": 0,
    "profile": "홈 우세",
    "round": 1,
    "source": "cup-round1-first",
    "stage": "ROUND_1",
    "winnerSeed": 5,
  },
  {
    "awaySeed": 5,
    "homeSeed": 45,
    "kicksTaken": 7,
    "pkAway": 1,
    "pkHome": 4,
    "profile": "원정 우세",
    "round": 1,
    "source": "cup-round1-first",
    "stage": "ROUND_1",
    "winnerSeed": 45,
  },
  {
    "awaySeed": 36,
    "homeSeed": 37,
    "kicksTaken": 12,
    "pkAway": 3,
    "pkHome": 4,
    "profile": "대칭(서든데스 유발)",
    "round": 1,
    "source": "cup-round1-last",
    "stage": "ROUND_1",
    "winnerSeed": 37,
  },
  {
    "awaySeed": 36,
    "homeSeed": 37,
    "kicksTaken": 8,
    "pkAway": 1,
    "pkHome": 3,
    "profile": "홈 우세",
    "round": 1,
    "source": "cup-round1-last",
    "stage": "ROUND_1",
    "winnerSeed": 37,
  },
  {
    "awaySeed": 36,
    "homeSeed": 37,
    "kicksTaken": 6,
    "pkAway": 3,
    "pkHome": 0,
    "profile": "원정 우세",
    "round": 1,
    "source": "cup-round1-last",
    "stage": "ROUND_1",
    "winnerSeed": 36,
  },
  {
    "awaySeed": 1,
    "homeSeed": 45,
    "kicksTaken": 9,
    "pkAway": 2,
    "pkHome": 1,
    "profile": "대칭(서든데스 유발)",
    "round": 6,
    "source": "cup-final",
    "stage": "FINAL",
    "winnerSeed": 1,
  },
  {
    "awaySeed": 1,
    "homeSeed": 45,
    "kicksTaken": 8,
    "pkAway": 1,
    "pkHome": 3,
    "profile": "홈 우세",
    "round": 6,
    "source": "cup-final",
    "stage": "FINAL",
    "winnerSeed": 45,
  },
  {
    "awaySeed": 1,
    "homeSeed": 45,
    "kicksTaken": 14,
    "pkAway": 6,
    "pkHome": 5,
    "profile": "원정 우세",
    "round": 6,
    "source": "cup-final",
    "stage": "FINAL",
    "winnerSeed": 1,
  },
]
`;
